▲ Next.js 16.2.2 (Turbopack)

  Creating an optimized production build ...
✓ Compiled successfully in 9.7s
  Running TypeScript ...
  Finished TypeScript in 5.3s ...
  Collecting page data using 7 workers ...
  Generating static pages using 7 workers (0/6) ...
  Generating static pages using 7 workers (1/6) 
  Generating static pages using 7 workers (2/6) 
  Generating static pages using 7 workers (4/6) 
✓ Generating static pages using 7 workers (6/6) in 900ms
  Finalizing page optimization ...

Route (app)
┌ ○ /
├ ○ /_not-found
├ ○ /insights
└ ○ /transactions


○  (Static)  prerendered as static content

